// Jest Snapshot v1, https://goo.gl/fbAQLP

exports[`Modules/Landing - FlightBookingItem snapshots basic render 1`] = `
<TouchableWithoutFeedback
  onPress={[MockFunction]}
>
  <View
    style={
      Object {
        "alignItems": "center",
        "flexDirection": "row",
        "padding": 10,
      }
    }
  >
    <Icon
      allowFontScaling={false}
      color="#8f8f8f"
      name="icon"
      size={20}
    />
    <View
      style={
        Object {
          "borderBottomColor": "#8f8f8f",
          "borderBottomWidth": 0.5,
          "flex": 1,
          "marginLeft": 10,
        }
      }
    >
      <Text
        style={
          Object {
            "color": "#8f8f8f",
            "fontFamily": "Oswald-Regular",
            "fontSize": 10,
          }
        }
      >
        title
      </Text>
      <Text
        style={
          Object {
            "color": "black",
            "fontFamily": "Oswald-Regular",
            "fontSize": 12,
            "marginBottom": 5,
          }
        }
      >
        value
      </Text>
    </View>
  </View>
</TouchableWithoutFeedback>
`;
