// Jest Snapshot v1, https://goo.gl/fbAQLP

exports[`Modules/Home - BookingMenu snapshots basic render 1`] = `
<View
  onLayout={[Function]}
  style={
    Object {
      "flexDirection": "row",
      "flexWrap": "wrap",
      "marginTop": -45,
      "padding": 10,
    }
  }
>
  <BookingMenuItem
    image="flight"
    key="home.bookingMenu.flights"
    onPress={[MockFunction]}
    title="home.bookingMenu.flights"
  />
  <BookingMenuItem
    image="hotel"
    key="home.bookingMenu.hotels"
    onPress={[MockFunction]}
    title="home.bookingMenu.hotels"
  />
  <BookingMenuItem
    image="attractionsAndActivities"
    key="home.bookingMenu.attractionsAndActivities"
    onPress={[MockFunction]}
    title="home.bookingMenu.attractionsAndActivities"
  />
  <BookingMenuItem
    image="airportTransport"
    key="home.bookingMenu.airportTransport"
    onPress={[MockFunction]}
    title="home.bookingMenu.airportTransport"
  />
  <BookingMenuItem
    image="flightStatus"
    key="home.bookingMenu.flightStatus"
    onPress={[MockFunction]}
    title="home.bookingMenu.flightStatus"
  />
  <BookingMenuItem
    image="priceAlerts"
    key="home.bookingMenu.priceAlerts"
    onPress={[MockFunction]}
    title="home.bookingMenu.priceAlerts"
  />
  <BookingMenuItem
    image="myPoints"
    key="home.bookingMenu.myPoints"
    onPress={[MockFunction]}
    title="home.bookingMenu.myPoints"
  />
</View>
`;
