// Jest Snapshot v1, https://goo.gl/fbAQLP

exports[`Modules/Landing - IntroductionPage snapshots basic render 1`] = `
<Component
  style={
    Object {
      "alignItems": "center",
      "flex": 1,
      "paddingHorizontal": 20,
      "paddingVertical": 50,
    }
  }
>
  <Image
    resizeMode="contain"
    source={
      Object {
        "testUri": "../../../src/assets/images/onboarding/page1.png",
      }
    }
    style={
      Object {
        "height": 217,
        "width": 282,
      }
    }
  />
  <Text
    accessible={true}
    allowFontScaling={true}
    ellipsizeMode="tail"
    style={
      Object {
        "color": "white",
        "fontFamily": "Oswald-Regular",
        "fontSize": 16,
        "marginBottom": 20,
        "marginTop": 10,
        "textAlign": "center",
      }
    }
  >
    title
  </Text>
  <Text
    accessible={true}
    allowFontScaling={true}
    ellipsizeMode="tail"
    style={
      Object {
        "color": "white",
        "fontFamily": "Oswald-Regular",
        "fontSize": 12,
        "marginBottom": 20,
        "textAlign": "center",
      }
    }
  >
    text
  </Text>
</Component>
`;
