// Jest Snapshot v1, https://goo.gl/fbAQLP

exports[`Fontello icon snapshots basic render 1`] = `
<Text
  accessible={true}
  allowFontScaling={false}
  ellipsizeMode="tail"
  style={
    Array [
      Object {
        "color": undefined,
        "fontSize": 12,
      },
      undefined,
      Object {
        "fontFamily": "4f6e7928e015886ce5e5d1d0c49a930b",
        "fontStyle": "normal",
        "fontWeight": "normal",
      },
      Object {},
    ]
  }
/>
`;
